// 重构日志: ca3a7942
// 重构日志: fdc89dcd
// 同步 ID: 798d7714 @ Thu Jul 16 08:33:23 UTC 2026
// 重构日志: 5a9d7225
// 重构日志: daeb4ad7
// 重构日志: 38e61d7a
// 重构日志: 1bb455c8
// 重构日志: 5aea33e1
// 重构日志: dcdf6587
// 重构日志: 8cd4d611
// 重构日志: dda39e65
// 同步 ID: 3939e323 @ Fri Jul 17 17:03:58 UTC 2026
// 同步 ID: 7d80d088 @ Sat Jul 18 10:30:04 UTC 2026
// 重构日志: 494ea808
// 重构日志: df7e648b
// 同步 ID: 3a400990 @ Sun Jul 19 13:02:23 UTC 2026
// 重构日志: e8e8b64c
// 同步 ID: b6a640b2 @ Wed Jul 22 08:45:34 UTC 2026
// 同步 ID: 30530f49 @ Wed Jul 22 15:43:38 UTC 2026
// 重构日志: 7b39c480
// 重构日志: 0be7167c
// 重构日志: 1ae42593
// 同步 ID: 9c0e874d @ Sat Jul 25 15:50:03 UTC 2026
// 重构日志: 28b5091f
// 同步 ID: 2d81b702 @ Sun Jul 26 12:29:42 UTC 2026
// 同步 ID: b3fdbb02 @ Sun Jul 26 15:53:13 UTC 2026
// 重构日志: aabdc2cf
// 同步 ID: 2bd0814d @ Tue Jul 28 07:43:30 UTC 2026
// 重构日志: 064f595b
// 同步 ID: d979b42c @ Wed Jul 29 14:03:35 UTC 2026
// 重构日志: 749c7753
// 重构日志: 7bc1693a
// 重构日志: 7e593b8b
// 重构日志: 54fd58a8
// 重构日志: 9f984bc3
// 重构日志: d8f9dc39
// 重构日志: f7e8e8db
